2+3+5+7+11+13+17+19+23+29+31+37+41+43+47+53+59+61+ ANAMIANAMIANAMIANAMIANAMIANAMIANAMIANAMIANAMIANAMI
 67+71+73+79+83+89+97+101+103+107+109+113+127+131   ANAMIANAMIANAMIANAMIANAMIANAMIANAMIANAMIANAMIANA 
  137+139+149+151+157+163+167+173+179+181+191+19     ANAMIANAMIANAMIANAMIANAMIANAMIANAMIANAMIANAMIA  
   3+197+199+211+223+227+229+233+239+241+251+25       ANAMIANAMIANAMIANAMIANAMIANAMIANAMIANAMIANAM   
    7+263+269+271+277+281+283+293+307+311+313+         ANAMIANAMIANAMIANAMIANAMIANAMIANAMIANAMIAN    
     317+331+337+347+349+353+359+367+373+379+           ANAMIANAMIANAMIANAMIANAMIANAMIANAMIANAMI     
      383+389+397+401+409+419+421+431+433+43             ANAMIANAMIANAMIANAMIANAMIANAMIANAMIANA      
       9+443+449+457+461+463+467+479+487+49               ANAMIANAMIANAMIANAMIANAMIANAMIANAMIA       
        1+499+503+509+521+523+541+547+557+                 ANAMIANAMIANAMIANAMIANAMIANAMIANAM        
         563+569+571+577+587+593+599+601+                   ANAMIANAMIANAMIANAMIANAMIANAMIAN         
          607+613+617+619+631+641+643+64                     ANAMIANAMIANAMIANAMIANAMIANAMI          
           7+653+659+661+673+677+683+69                       ANAMIANAMIANAMIANAMIANAMIANA           
            1+701+709+719+727+733+739+                         ANAMIANAMIANAMIANAMIANAMIA            
             743+751+757+761+769+773+                           ANAMIANAMIANAMIANAMIANAM             
              787+797+809+811+821+82                             ANAMIANAMIANAMIANAMIAN              
               3+827+829+839+853+85                               ANAMIANAMIANAMIANAMI               
                7+859+863+877+881+                                 ANAMIANAMIANAMIANA                
                 883+887+907+911+                                   ANAMIANAMIANAMIA                 
                  919+929+937+94                                     ANAMIANAMIANAM                  
                   1+947+953+96                                       ANAMIANAMIAN                   
                    7+971+977+                                         ANAMIANAMI                    
                     983+991+                                           ANAMIANA                     
                      997+10                                             ANAMIA                      
                       09+1                                               ANAM                       
                        01                                                 AN                        
                        3+                                                 AN                        
                       1019                                               ANAM                       
                      1021+1                                             ANAMIA                      
                     031+1033                                           ANAMIANA                     
                    1039+1049+                                         ANAMIANAMI                    
                   1051+1061+10                                       ANAMIANAMIAN                   
                  63+1069+1087+1                                     ANAMIANAMIANAM                  
                 091+1093+1097+11                                   ANAMIANAMIANAMIA                 
                03+1109+1117+1123+                                 ANAMIANAMIANAMIANA                
               1129+1151+1153+1163+                               ANAMIANAMIANAMIANAMI               
              1171+1181+1187+1193+12                             ANAMIANAMIANAMIANAMIAN              
             01+1213+1217+1223+1229+1                           ANAMIANAMIANAMIANAMIANAM             
            231+1237+1249+1259+1277+12                         ANAMIANAMIANAMIANAMIANAMIA            
           79+1283+1289+1291+1297+1301+                       ANAMIANAMIANAMIANAMIANAMIANA           
          1303+1307+1319+1321+1327+1361+                     ANAMIANAMIANAMIANAMIANAMIANAMI          
         1367+1373+1381+1399+1409+1423+14                   ANAMIANAMIANAMIANAMIANAMIANAMIAN         
        27+1429+1433+1439+1447+1451+1453+1                 ANAMIANAMIANAMIANAMIANAMIANAMIANAM        
       459+1471+1481+1483+1487+1489+1493+14               ANAMIANAMIANAMIANAMIANAMIANAMIANAMIA       
      99+1511+1523+1531+1543+1549+1553+1559+             ANAMIANAMIANAMIANAMIANAMIANAMIANAMIANA      
     1567+1571+1579+1583+1597+1601+1607+1609+           ANAMIANAMIANAMIANAMIANAMIANAMIANAMIANAMI     
    1613+1619+1621+1627+1637+1657+1663+1667+16         ANAMIANAMIANAMIANAMIANAMIANAMIANAMIANAMIAN    
   69+1693+1697+1699+1709+1721+1723+1733+1741+1       ANAMIANAMIANAMIANAMIANAMIANAMIANAMIANAMIANAM   
  747+1753+1759+1777+1783+1787+1789+1801+1811+18     ANAMIANAMIANAMIANAMIANAMIANAMIANAMIANAMIANAMIA  
 23+1831+1847+1861+1867+1871+1873+1877+1879+1889+   ANAMIANAMIANAMIANAMIANAMIANAMIANAMIANAMIANAMIANA 
1901+1907+1913+1931+1933+1949+1951+1973+1979+1987+ ANAMIANAMIANAMIANAMIANAMIANAMIANAMIANAMIANAMIANAMI
